// Jest Snapshot v1, https://goo.gl/fbAQLP

exports[`index.vue renders "hello world" 1`] = `
<h1>
  hello world
</h1>
`;
